#
# There is insufficient memory for the Java Runtime Environment to continue.
# Native memory allocation (mmap) failed to map 190840832 bytes. Error detail: G1 virtual space
# Possible reasons:
#   The system is out of physical RAM or swap space
#   This process is running with CompressedOops enabled, and the Java Heap may be blocking the growth of the native heap
# Possible solutions:
#   Reduce memory load on the system
#   Increase physical memory or swap space
#   Check if swap backing store is full
#   Decrease Java heap size (-Xmx/-Xms)
#   Decrease number of Java threads
#   Decrease Java thread stack sizes (-Xss)
#   Set larger code cache with -XX:ReservedCodeCacheSize=
#   JVM is running with Zero Based Compressed Oops mode in which the Java heap is
#     placed in the first 32GB address space. The Java Heap base address is the
#     maximum limit for the native heap growth. Please use -XX:HeapBaseMinAddress
#     to set the Java Heap base and to place the Java Heap above 32GB virtual address.
# This output file may be truncated or incomplete.
#
#  Out of Memory Error (os_windows.cpp:3766), pid=36380, tid=35664
#
# JRE version:  (25.0.3+9) (build )
# Java VM: OpenJDK 64-Bit Server VM (25.0.3+9-b508.16, mixed mode, sharing, tiered, compressed oops, compressed class ptrs, g1 gc, windows-amd64)
# No core dump will be written. Minidumps are not enabled by default on client versions of Windows
#

---------------  S U M M A R Y ------------

Command Line: git4idea.http.GitAskPassApp Username for 'https://github.com': 

Host: AMD Ryzen 5 5500U with Radeon Graphics         , 12 cores, 11G,  Windows 11 , 64 bit Build 26100 (10.0.26100.9444)
Time: Tue Sep 22 14:08:56 2026 elapsed time: 0.025973 seconds (0d 0h 0m 0s)

---------------  T H R E A D  ---------------

Current thread (0x0000027d86ff17e0):  JavaThread "Unknown thread" [_thread_in_vm, id=35664, stack(0x0000008807400000,0x0000008807500000) (1024K)]

Stack: [0x0000008807400000,0x0000008807500000]
Native frames: (J=compiled Java code, j=interpreted, Vv=VM code, C=native code)
V  [jvm.dll+0x7c2949]  (no source info available)
V  [jvm.dll+0x78c01d]  (no source info available)
V  [jvm.dll+0xa105b3]  (no source info available)
V  [jvm.dll+0xa12dac]  (no source info available)
V  [jvm.dll+0xa134a3]  (no source info available)
V  [jvm.dll+0x308106]  (no source info available)
V  [jvm.dll+0x7beb55]  (no source info available)
V  [jvm.dll+0x7b1ae7]  (no source info available)
V  [jvm.dll+0x40224e]  (no source info available)
V  [jvm.dll+0x40a06b]  (no source info available)
V  [jvm.dll+0x3f68a9]  (no source info available)
V  [jvm.dll+0x3f6b5b]  (no source info available)
V  [jvm.dll+0x3ccb73]  (no source info available)
V  [jvm.dll+0x3cd7de]  (no source info available)
V  [jvm.dll+0x9d6907]  (no source info available)
V  [jvm.dll+0x467992]  (no source info available)
V  [jvm.dll+0x9ba039]  (no source info available)
V  [jvm.dll+0x509dd1]  (no source info available)
V  [jvm.dll+0x50b741]  (no source info available)
C  [jli.dll+0x5422]  (no source info available)
C  [ucrtbase.dll+0x2cd30]  (no source info available)
C  [KERNEL32.DLL+0x2cd87]  (no source info available)
C  [ntdll.dll+0xacaec]  (no source info available)

Lock stack of current Java thread (top to bottom):


---------------  P R O C E S S  ---------------

Threads class SMR info:
_java_thread_list=0x00007ffab831c108, length=0, elements={
}

Java Threads: ( => current thread )
Total: 0

Other Threads:
  0x0000027d894a70d0 WorkerThread "GC Thread#0"                     [id=38716, stack(0x0000008807500000,0x0000008807600000) (1024K)]
  0x0000027d894ba070 ConcurrentGCThread "G1 Main Marker"            [id=27800, stack(0x0000008807600000,0x0000008807700000) (1024K)]
  0x0000027d894bb860 WorkerThread "G1 Conc#0"                       [id=36644, stack(0x0000008807700000,0x0000008807800000) (1024K)]

[error occurred during error reporting (printing all threads), id 0xc0000005, EXCEPTION_ACCESS_VIOLATION (0xc0000005) at pc=0x00007ffab793194a]
VM state: not at safepoint (not fully initialized)

VM Mutex/Monitor currently owned by a thread:  ([mutex/lock_event])
[0x00007ffab83a4fb0] Heap_lock - owner thread: 0x0000027d86ff17e0

Heap address: 0x000000074a200000, size: 2910 MB, Compressed Oops mode: Zero based, Oop shift amount: 3

CDS archive(s) mapped at: [0x0000000000000000-0x0000000000000000-0x0000000000000000), size 0, SharedBaseAddress: 0x0000000800000000, ArchiveRelocationMode: 1.
UseCompressedClassPointers 1, UseCompactObjectHeaders 0
Narrow klass pointer bits 32, Max shift 3
Narrow klass base: 0xffffffffffffffff, Narrow klass shift: -1
Encoding Range: [0xffffffffffffffff - 0x000000007fffffff), (2147483648 bytes)
Klass Range:    [0x0000000000000000 - 0x0000000000000000), (0 bytes)
Klass ID Range:  [4294967295 - 0) (1)
No protection zone.

GC Precious Log:
 CardTable entry size: 512
 Card Set container configuration: InlinePtr #cards 4 size 8 Array Of Cards #cards 16 size 48 Howl #buckets 8 coarsen threshold 3686 Howl Bitmap #cards 512 size 80 coarsen threshold 460 Card regions per heap region 1 cards per card region 4096

Heap:
 garbage-first heap   total reserved 2979840K, committed 0K, used 0K [0x000000074a200000, 0x0000000800000000)
  region size 2048K, 0 young (0K), 0 survivors (0K)

Heap Regions: E=young(eden), S=young(survivor), O=old, HS=humongous(starts), HC=humongous(continues), CS=collection set, F=free, TAMS=top-at-mark-start, PB=parsable bottom

Card table byte_map: [0x0000027d9cad0000,0x0000027d9d080000] _byte_map_base: 0x0000027d9907f000

Marking Bits: (CMBitMap*) 0x0000027d894a7660
 Bits: [0x0000027d9d080000, 0x0000027d9fdf8000)

GC Heap Usage History (0 events):
No events

Metaspace Usage History (0 events):
No events

Dll operation events (1 events):
Event: 0.014 Loaded shared library C:\Users\yury_\AppData\Local\Programs\WebStorm\jbr\bin\java.dll

Deoptimization events (0 events):
No events

Classes loaded (0 events):
No events

Classes unloaded (0 events):
No events

Classes redefined (0 events):
No events

Internal exceptions (0 events):
No events

VM Operations (0 events):
No events

Memory protections (0 events):
No events

Nmethod flushes (0 events):
No events

Events (0 events):
No events


Dynamic libraries:
0x00007ff65bd80000 - 0x00007ff65bd8a000 	C:\Users\yury_\AppData\Local\Programs\WebStorm\jbr\bin\java.exe
0x00007ffb2aba0000 - 0x00007ffb2ae07000 	C:\WINDOWS\SYSTEM32\ntdll.dll
0x00007ffb29ad0000 - 0x00007ffb29b9b000 	C:\WINDOWS\System32\KERNEL32.DLL
0x00007ffb28130000 - 0x00007ffb28532000 	C:\WINDOWS\System32\KERNELBASE.dll
0x00007ffb28760000 - 0x00007ffb288ac000 	C:\WINDOWS\System32\ucrtbase.dll
0x00007ffb1e380000 - 0x00007ffb1e39e000 	C:\Users\yury_\AppData\Local\Programs\WebStorm\jbr\bin\VCRUNTIME140.dll
0x00007ffb10de0000 - 0x00007ffb10df7000 	C:\Users\yury_\AppData\Local\Programs\WebStorm\jbr\bin\jli.dll
0x00007ffb2a060000 - 0x00007ffb2a22f000 	C:\WINDOWS\System32\USER32.dll
0x00007ffb28540000 - 0x00007ffb28567000 	C:\WINDOWS\System32\win32u.dll
0x00007ffb28fe0000 - 0x00007ffb2900b000 	C:\WINDOWS\System32\GDI32.dll
0x00007ffb1bea0000 - 0x00007ffb1c130000 	C:\WINDOWS\WinSxS\amd64_microsoft.windows.common-controls_6595b64144ccf1df_6.0.26100.9278_none_3e0d1ba8e3303201\COMCTL32.dll
0x00007ffb28630000 - 0x00007ffb28759000 	C:\WINDOWS\System32\gdi32full.dll
0x00007ffb28080000 - 0x00007ffb28123000 	C:\WINDOWS\System32\msvcp_win.dll
0x00007ffb29350000 - 0x00007ffb293f9000 	C:\WINDOWS\System32\msvcrt.dll
0x00007ffb29600000 - 0x00007ffb29631000 	C:\WINDOWS\System32\IMM32.DLL
0x00007ffb1e370000 - 0x00007ffb1e37c000 	C:\Users\yury_\AppData\Local\Programs\WebStorm\jbr\bin\vcruntime140_1.dll
0x00007ffb073a0000 - 0x00007ffb07429000 	C:\Users\yury_\AppData\Local\Programs\WebStorm\jbr\bin\msvcp140.dll
0x00007ffab7550000 - 0x00007ffab84a5000 	C:\Users\yury_\AppData\Local\Programs\WebStorm\jbr\bin\server\jvm.dll
0x00007ffb29740000 - 0x00007ffb297fc000 	C:\WINDOWS\System32\ADVAPI32.dll
0x00007ffb28930000 - 0x00007ffb289d9000 	C:\WINDOWS\System32\sechost.dll
0x00007ffb29bb0000 - 0x00007ffb29cc8000 	C:\WINDOWS\System32\RPCRT4.dll
0x00007ffb2a2d0000 - 0x00007ffb2a350000 	C:\WINDOWS\System32\WS2_32.dll
0x00007ffb27c20000 - 0x00007ffb27c7e000 	C:\WINDOWS\SYSTEM32\POWRPROF.dll
0x00007ffb21040000 - 0x00007ffb2104b000 	C:\WINDOWS\SYSTEM32\VERSION.dll
0x00007ffb1d130000 - 0x00007ffb1d166000 	C:\WINDOWS\SYSTEM32\WINMM.dll
0x00007ffb27c00000 - 0x00007ffb27c15000 	C:\WINDOWS\SYSTEM32\UMPDC.dll
0x00007ffb26a30000 - 0x00007ffb26a4b000 	C:\WINDOWS\SYSTEM32\kernel.appcore.dll
0x00007ffb1e360000 - 0x00007ffb1e36a000 	C:\Users\yury_\AppData\Local\Programs\WebStorm\jbr\bin\jimage.dll
0x00007ffb15200000 - 0x00007ffb1544c000 	C:\WINDOWS\SYSTEM32\DBGHELP.DLL
0x00007ffb29cd0000 - 0x00007ffb2a055000 	C:\WINDOWS\System32\combase.dll
0x00007ffb29270000 - 0x00007ffb29349000 	C:\WINDOWS\System32\OLEAUT32.dll
0x00007ffb151c0000 - 0x00007ffb151fb000 	C:\WINDOWS\SYSTEM32\dbgcore.DLL
0x00007ffb27fc0000 - 0x00007ffb2806c000 	C:\WINDOWS\System32\bcryptPrimitives.dll
0x00007ffb1d3d0000 - 0x00007ffb1d3ef000 	C:\Users\yury_\AppData\Local\Programs\WebStorm\jbr\bin\java.dll
0x00007ffb29930000 - 0x00007ffb29aca000 	C:\WINDOWS\System32\ole32.dll
0x00007ffb2a3b0000 - 0x00007ffb2ab48000 	C:\WINDOWS\System32\SHELL32.dll

JVMTI agents: none

dbghelp: loaded successfully - version: 4.0.5 - missing functions: none
symbol engine: initialized successfully - sym options: 0x614 - pdb path: .;C:\Users\yury_\AppData\Local\Programs\WebStorm\jbr\bin;C:\WINDOWS\SYSTEM32;C:\WINDOWS\WinSxS\amd64_microsoft.windows.common-controls_6595b64144ccf1df_6.0.26100.9278_none_3e0d1ba8e3303201;C:\Users\yury_\AppData\Local\Programs\WebStorm\jbr\bin\server

VM Arguments:
java_command: git4idea.http.GitAskPassApp Username for 'https://github.com': 
java_class_path (initial): C:/Users/yury_/AppData/Local/Programs/WebStorm/plugins/vcs-git/lib/git4idea-rt.jar;C:/Users/yury_/AppData/Local/Programs/WebStorm/lib/externalProcess-rt.jar
Launcher Type: SUN_STANDARD

[Global flags]
     intx CICompilerCount                          = 4                                         {product} {ergonomic}
     uint ConcGCThreads                            = 3                                         {product} {ergonomic}
     uint G1ConcRefinementThreads                  = 10                                        {product} {ergonomic}
   size_t G1HeapRegionSize                         = 2097152                                   {product} {ergonomic}
   size_t InitialHeapSize                          = 190840832                                 {product} {ergonomic}
   size_t MarkStackSize                            = 4194304                                   {product} {ergonomic}
   size_t MarkStackSizeMax                         = 536870912                                 {product} {ergonomic}
   size_t MaxHeapSize                              = 3051356160                                {product} {ergonomic}
   size_t MinHeapDeltaBytes                        = 2097152                                   {product} {ergonomic}
   size_t MinHeapSize                              = 8388608                                   {product} {ergonomic}
    uintx NonNMethodCodeHeapSize                   = 5898240                                {pd product} {ergonomic}
    uintx NonProfiledCodeHeapSize                  = 122945536                              {pd product} {ergonomic}
    uintx ProfiledCodeHeapSize                     = 122945536                              {pd product} {ergonomic}
    uintx ReservedCodeCacheSize                    = 251789312                              {pd product} {ergonomic}
     bool SegmentedCodeCache                       = true                                      {product} {ergonomic}
   size_t SoftMaxHeapSize                          = 3051356160                             {manageable} {ergonomic}
     bool UseCompressedOops                        = true                           {product lp64_product} {ergonomic}
     bool UseG1GC                                  = true                                      {product} {ergonomic}
     bool UseLargePagesIndividualAllocation        = false                                  {pd product} {ergonomic}

Logging:
Log output configuration:
 #0: stdout all=warning uptime,level,tags foldmultilines=false
 #1: stderr all=off uptime,level,tags foldmultilines=false

Release file:
<release file has not been read>
Environment Variables:
PATH=C:\Program Files\Git\mingw64\libexec\git-core;C:\Program Files\Git\mingw64\libexec\git-core;C:\Program Files\Git\mingw64\bin;C:\Program Files\Git\usr\bin;C:\Users\yury_\bin;C:\Program Files\Common Files\Oracle\Java\javapath;C:\Python314\Scripts;C:\Python314;C:\WINDOWS\system32;C:\WINDOWS;C:\WINDOWS\System32\Wbem;C:\WINDOWS\System32\WindowsPowerShell\v1.0;C:\WINDOWS\System32\OpenSSH;C:\Program Files\nodejs;C:\ProgramData\chocolatey\bin;C:\Program Files\Git\cmd;C:\Program Files\Docker\Docker\resources\bin;C:\Program Files\Mullvad VPN\resources;C:\Users\yury_\AppData\Local\Microsoft\WindowsApps;C:\Users\yury_\AppData\Roaming\npm;C:\Users\yury_\AppData\Local\JetBrains\Toolbox\scripts;C:\Users\yury_\.local\bin;C:\Users\yury_\AppData\Local\PowerToys\DSCModules
USERNAME=yury_
DISPLAY=:0.0
LC_ALL=en_US.UTF-8
TERM=xterm-256color
TMPDIR=C:\Users\yury_\AppData\Local\Temp
OS=Windows_NT
PROCESSOR_IDENTIFIER=AMD64 Family 23 Model 104 Stepping 1, AuthenticAMD
TMP=C:\Users\yury_\AppData\Local\Temp
TEMP=C:\Users\yury_\AppData\Local\Temp




Compilation memory statistics disabled.

Periodic native trim disabled

JNI global refs:
JNI global refs: 0, weak refs: 0

JNI global refs memory usage: 0, weak refs: 0

Process memory usage:
Resident Set Size: 13844K (0% of 11917048K total physical memory with 424812K free physical memory)

OOME stack traces (most recent first):
Classloader memory used:

---------------  S Y S T E M  ---------------

OS:
 Windows 11 , 64 bit Build 26100 (10.0.26100.9444)
OS uptime: 6 days 13:58 hours
Hyper-V role detected

CPU: total 12 (initial active 12) (12 cores per cpu, 2 threads per core) family 23 model 104 stepping 1 microcode 0x8608103, cx8, cmov, fxsr, ht, mmx, 3dnowpref, sse, sse2, sse3, ssse3, sse4a, sse4.1, sse4.2, popcnt, lzcnt, tsc, tscinvbit, avx, avx2, aes, clmul, bmi1, bmi2, adx, sha, fma, vzeroupper, clflush, clflushopt, clwb, hv, rdtscp, rdpid, f16c
Processor Information for processor 0
  Max Mhz: 2100, Current Mhz: 2100, Mhz Limit: 2100
Processor Information for processor 1
  Max Mhz: 2100, Current Mhz: 1988, Mhz Limit: 2100
Processor Information for processor 2
  Max Mhz: 2100, Current Mhz: 2100, Mhz Limit: 2100
Processor Information for processor 3
  Max Mhz: 2100, Current Mhz: 1988, Mhz Limit: 2100
Processor Information for processor 4
  Max Mhz: 2100, Current Mhz: 2100, Mhz Limit: 2100
Processor Information for processor 5
  Max Mhz: 2100, Current Mhz: 1988, Mhz Limit: 2100
Processor Information for processor 6
  Max Mhz: 2100, Current Mhz: 2100, Mhz Limit: 2100
Processor Information for processor 7
  Max Mhz: 2100, Current Mhz: 1988, Mhz Limit: 2100
Processor Information for processor 8
  Max Mhz: 2100, Current Mhz: 2100, Mhz Limit: 2100
Processor Information for processor 9
  Max Mhz: 2100, Current Mhz: 1988, Mhz Limit: 2100
Processor Information for processor 10
  Max Mhz: 2100, Current Mhz: 2100, Mhz Limit: 2100
Processor Information for processor 11
  Max Mhz: 2100, Current Mhz: 2100, Mhz Limit: 2100

Memory: 4k page, system-wide physical 11637M (414M free)
TotalPageFile size 36415M (AvailPageFile size 58M)
current process WorkingSet (physical memory assigned to process): 13M, peak: 13M
current process commit charge ("private bytes"): 64M, peak: 246M

vm_info: OpenJDK 64-Bit Server VM (25.0.3+9-b508.16) for windows-amd64 JRE (25.0.3+9-b508.16), built on 2026-06-22 with MS VC++ 17.14 (VS2022)

END.
